// Jest Snapshot v1, https://goo.gl/fbAQLP

exports[`execute depWalker on @slimio/is 1`] = `
Object {
  "@slimio/is": Object {
    "1.5.1": Object {
      "author": "SlimIO",
      "composition": Object {
        "extensions": Array [
          "",
          ".js",
          ".json",
          ".md",
          ".toml",
          ".ts",
        ],
        "minified": Array [],
        "missing": Array [],
        "required_nodejs": Array [],
        "required_thirdparty": Array [],
        "unused": Array [],
      },
      "description": "SlimIO is (JavaScript Primitives &amp; Objects type checker)",
      "flags": Array [],
      "gitUrl": null,
      "id": 0,
      "license": Object {
        "hasMultipleLicenses": false,
        "licenses": Array [
          Object {
            "from": "package.json",
            "spdx": Object {
              "fsf": true,
              "fsfAndOsi": true,
              "includesDeprecated": false,
              "osi": true,
            },
            "spdxLicenseLinks": Array [
              "https://spdx.org/licenses/MIT.html#licenseText",
            ],
            "uniqueLicenseIds": Array [
              "MIT",
            ],
          },
          Object {
            "from": "LICENSE",
            "spdx": Object {
              "fsf": true,
              "fsfAndOsi": true,
              "includesDeprecated": false,
              "osi": true,
            },
            "spdxLicenseLinks": Array [
              "https://spdx.org/licenses/MIT.html#licenseText",
            ],
            "uniqueLicenseIds": Array [
              "MIT",
            ],
          },
        ],
        "uniqueLicenseIds": Array [
          "MIT",
        ],
      },
      "usedBy": Object {},
      "warnings": Array [],
    },
    "metadata": Object {
      "author": "SlimIO",
      "dependencyCount": 0,
      "hasManyPublishers": true,
      "hasReceivedUpdateInOneYear": false,
      "homepage": "https://github.com/SlimIO/is#readme",
      "lastUpdateAt": "2019-06-11T06:41:41.590Z",
      "lastVersion": "1.5.1",
      "maintainers": Array [
        Object {
          "email": "mickael.croquet@laposte.net",
          "name": "mcroquet",
        },
        Object {
          "email": "sebastien48criquet@gmail.com",
          "name": "ahkrin",
        },
        Object {
          "email": "gentilhomme.thomas@gmail.com",
          "name": "fraxken",
        },
        Object {
          "email": "alexandre.malaj@gmail.com",
          "name": "alexandre.malaj",
        },
      ],
      "publishedCount": 7,
      "publishers": Array [
        Object {
          "at": "2018-09-22T20:36:27.523Z",
          "name": "fraxken",
          "version": "1.0.0",
        },
      ],
    },
    "versions": Array [
      "1.5.1",
    ],
    "vulnerabilities": Array [],
  },
}
`;

exports[`fetch payload of pacote on the gitlat registry 1`] = `
Array [
  "id",
  "rootDepencyName",
  "warnings",
  "dependencies",
  "version",
  "vulnerabilityStrategy",
]
`;

exports[`fetch payload of pacote on the npm registry 1`] = `
Array [
  "id",
  "rootDepencyName",
  "warnings",
  "dependencies",
  "version",
  "vulnerabilityStrategy",
]
`;
