{
  "changes": {
    "dependencies": "change",
    "@fastify/ajv-compiler": "change",
    "metadata": "change",
    "versions": "change",
    "1.1.0": "change",
    "author": "change",
    "composition": "change",
    "extensions": "change",
    "files": "change",
    "minified": "change",
    "missing": "change",
    "required_files": "change",
    "required_nodejs": "change",
    "required_thirdparty": "change",
    "unused": "change",
    "flags": "change",
    "license": "change",
    "licenses": "change",
    "array-item-0": "change",
    "spdx": "change",
    "spdxLicenseLinks": "change",
    "uniqueLicenseIds": "change",
    "repository": "change",
    "scripts": "change",
    "usedBy": "change",
    "warnings": "change",
    "3.5.0": "change",
    "array-item-1": "change",
    "location": "change",
    "@fastify/deepmerge": "change",
    "maintainers": "change",
    "array-item-10": "change",
    "array-item-11": "change",
    "array-item-12": "change",
    "array-item-13": "change",
    "array-item-14": "change",
    "array-item-15": "change",
    "array-item-16": "change",
    "array-item-2": "change",
    "array-item-3": "change",
    "array-item-4": "change",
    "array-item-5": "change",
    "array-item-6": "change",
    "array-item-7": "change",
    "array-item-8": "change",
    "array-item-9": "change",
    "publishers": "change",
    "1.3.0": "change",
    "vulnerabilities": "change",
    "@fastify/error": "change",
    "2.0.0": "change",
    "3.2.0": "change",
    "@fastify/fast-json-stringify-compiler": "change",
    "4.2.0": "change",
    "abort-controller": "change",
    "3.0.0": "change",
    "engines": "change",
    "abstract-logging": "change",
    "2.0.1": "change",
    "ajv": "change",
    "6.12.6": "change",
    "array-item-17": "change",
    "array-item-18": "change",
    "array-item-19": "change",
    "array-item-20": "change",
    "array-item-21": "change",
    "array-item-22": "change",
    "array-item-23": "change",
    "array-item-24": "change",
    "array-item-25": "change",
    "array-item-26": "change",
    "array-item-27": "change",
    "array-item-28": "change",
    "array-item-29": "change",
    "array-item-30": "change",
    "array-item-31": "change",
    "array-item-32": "change",
    "array-item-33": "change",
    "array-item-34": "change",
    "array-item-35": "change",
    "array-item-36": "change",
    "array-item-37": "change",
    "array-item-38": "change",
    "array-item-39": "change",
    "array-item-40": "change",
    "array-item-41": "change",
    "array-item-42": "change",
    "array-item-43": "change",
    "array-item-44": "change",
    "array-item-45": "change",
    "array-item-46": "change",
    "array-item-47": "change",
    "array-item-48": "change",
    "array-item-49": "change",
    "array-item-50": "change",
    "array-item-51": "change",
    "array-item-52": "change",
    "array-item-53": "change",
    "array-item-54": "change",
    "array-item-55": "change",
    "array-item-56": "change",
    "array-item-57": "change",
    "array-item-58": "change",
    "array-item-59": "change",
    "array-item-60": "change",
    "array-item-61": "change",
    "array-item-62": "change",
    "array-item-63": "change",
    "array-item-64": "change",
    "array-item-65": "change",
    "array-item-66": "change",
    "array-item-67": "change",
    "8.11.2": "change",
    "8.12.0": "change",
    "ajv-formats": "change",
    "2.1.1": "change",
    "archy": "change",
    "1.0.0": "change",
    "atomic-sleep": "change",
    "avvio": "change",
    "7.2.5": "change",
    "8.2.0": "change",
    "base64-js": "change",
    "1.5.1": "change",
    "buffer": "change",
    "6.0.3": "change",
    "content-type": "change",
    "1.0.4": "change",
    "cookie": "change",
    "0.5.0": "change",
    "debug": "change",
    "4.3.4": "change",
    "deepmerge": "change",
    "4.2.2": "change",
    "event-target-shim": "change",
    "5.0.1": "change",
    "events": "change",
    "3.3.0": "change",
    "fast-decode-uri-component": "change",
    "1.0.1": "change",
    "fast-deep-equal": "change",
    "3.1.3": "change",
    "fast-json-stable-stringify": "change",
    "2.1.0": "change",
    "fast-json-stringify": "change",
    "2.7.13": "change",
    "5.5.0": "change",
    "fast-querystring": "change",
    "fast-redact": "change",
    "3.1.2": "change",
    "fast-safe-stringify": "change",
    "fast-uri": "change",
    "2.2.0": "change",
    "fastify": "change",
    "3.29.4": "change",
    "4.10.2": "change",
    "fastq": "change",
    "1.14.0": "change",
    "1.15.0": "change",
    "find-my-way": "change",
    "4.5.1": "change",
    "7.3.1": "change",
    "flatstr": "change",
    "1.0.12": "change",
    "forwarded": "change",
    "0.2.0": "change",
    "ieee754": "change",
    "1.2.1": "change",
    "ipaddr.js": "change",
    "1.9.1": "change",
    "json-schema-traverse": "change",
    "0.4.1": "change",
    "light-my-request": "change",
    "4.12.0": "change",
    "5.8.0": "change",
    "lru-cache": "change",
    "6.0.0": "change",
    "ms": "change",
    "2.1.2": "change",
    "on-exit-leak-free": "change",
    "pino": "change",
    "6.14.0": "change",
    "8.8.0": "change",
    "pino-abstract-transport": "change",
    "pino-std-serializers": "change",
    "6.1.0": "change",
    "process": "change",
    "0.11.10": "change",
    "process-warning": "change",
    "proxy-addr": "change",
    "2.0.7": "change",
    "punycode": "change",
    "queue-microtask": "change",
    "1.2.3": "change",
    "quick-format-unescaped": "change",
    "4.0.4": "change",
    "readable-stream": "change",
    "real-require": "change",
    "require-from-string": "change",
    "2.0.2": "change",
    "ret": "change",
    "0.2.2": "change",
    "reusify": "change",
    "rfdc": "change",
    "safe-regex2": "change",
    "safe-stable-stringify": "change",
    "2.4.2": "change",
    "secure-json-parse": "change",
    "2.6.0": "change",
    "semver": "change",
    "7.3.8": "change",
    "semver-store": "change",
    "0.3.0": "change",
    "set-cookie-parser": "change",
    "2.5.1": "change",
    "sonic-boom": "change",
    "1.4.1": "change",
    "3.2.1": "change",
    "split2": "change",
    "4.1.0": "change",
    "string-similarity": "change",
    "thread-stream": "change",
    "tiny-lru": "change",
    "10.0.1": "change",
    "8.0.2": "change",
    "uri-js": "change",
    "4.4.1": "change",
    "yallist": "change",
    "4.0.0": "change"
  }
}
